// Jest Snapshot v1, https://goo.gl/fbAQLP

exports[`Payload size regression tests Example-based payload tests should not increase size for Basic Live Activity example 1`] = `548`;

exports[`Payload size regression tests Example-based payload tests should not increase size for Music Player Live Activity example 1`] = `676`;

exports[`Payload size regression tests Simple component tests should not increase size for nested components 1`] = `104`;

exports[`Payload size regression tests Simple component tests should not increase size for simple text component 1`] = `60`;

exports[`Payload size regression tests Simple component tests should not increase size for styled components 1`] = `108`;
